2026-08-31 21:30:03,959 ERROR django.request Internal Server Error: /login/
Traceback (most recent call last):
  File "C:\Users\celf_\Downloads\Desarrollo\GestorFinanzas\venv\Lib\site-packages\django\contrib\auth\hashers.py", line 231, in _load_library
    module = importlib.import_module(mod_path)
  File "C:\Users\celf_\AppData\Local\Programs\Python\Python313\Lib\importlib\__init__.py", line 88, in import_module
    return _bootstrap._gcd_import(name[level:], package, level)
           ~~~~~~~~~~~~~~~~~~~~~~^^^^^^^^^^^^^^^^^^^^^^^^^^^^^^
  File "<frozen importlib._bootstrap>", line 1387, in _gcd_import
  File "<frozen importlib._bootstrap>", line 1360, in _find_and_load
  File "<frozen importlib._bootstrap>", line 1324, in _find_and_load_unlocked
ModuleNotFoundError: No module named 'argon2'

During handling of the above exception, another exception occurred:

Traceback (most recent call last):
  File "C:\Users\celf_\Downloads\Desarrollo\GestorFinanzas\venv\Lib\site-packages\django\core\handlers\exception.py", line 55, in inner
    response = get_response(request)
  File "C:\Users\celf_\Downloads\Desarrollo\GestorFinanzas\venv\Lib\site-packages\django\core\handlers\base.py", line 198, in _get_response
    response = wrapped_callback(request, *callback_args, **callback_kwargs)
  File "C:\Users\celf_\Downloads\Desarrollo\GestorFinanzas\finanzas\views.py", line 2161, in entrar
    if form.is_valid():
       ~~~~~~~~~~~~~^^
  File "C:\Users\celf_\Downloads\Desarrollo\GestorFinanzas\venv\Lib\site-packages\django\forms\forms.py", line 206, in is_valid
    return self.is_bound and not self.errors
                                 ^^^^^^^^^^^
  File "C:\Users\celf_\Downloads\Desarrollo\GestorFinanzas\venv\Lib\site-packages\django\forms\forms.py", line 201, in errors
    self.full_clean()
    ~~~~~~~~~~~~~~~^^
  File "C:\Users\celf_\Downloads\Desarrollo\GestorFinanzas\venv\Lib\site-packages\django\forms\forms.py", line 338, in full_clean
    self._clean_form()
    ~~~~~~~~~~~~~~~~^^
  File "C:\Users\celf_\Downloads\Desarrollo\GestorFinanzas\venv\Lib\site-packages\django\forms\forms.py", line 354, in _clean_form
    cleaned_data = self.clean()
  File "C:\Users\celf_\Downloads\Desarrollo\GestorFinanzas\venv\Lib\site-packages\django\views\decorators\debug.py", line 75, in sensitive_variables_wrapper
    return func(*func_args, **func_kwargs)
  File "C:\Users\celf_\Downloads\Desarrollo\GestorFinanzas\venv\Lib\site-packages\django\contrib\auth\forms.py", line 349, in clean
    self.user_cache = authenticate(
                      ~~~~~~~~~~~~^
        self.request, username=username, password=password
        ^^^^^^^^^^^^^^^^^^^^^^^^^^^^^^^^^^^^^^^^^^^^^^^^^^
    )
    ^
  File "C:\Users\celf_\Downloads\Desarrollo\GestorFinanzas\venv\Lib\site-packages\django\views\decorators\debug.py", line 75, in sensitive_variables_wrapper
    return func(*func_args, **func_kwargs)
  File "C:\Users\celf_\Downloads\Desarrollo\GestorFinanzas\venv\Lib\site-packages\django\contrib\auth\__init__.py", line 114, in authenticate
    user = backend.authenticate(request, **credentials)
  File "C:\Users\celf_\Downloads\Desarrollo\GestorFinanzas\venv\Lib\site-packages\django\contrib\auth\backends.py", line 71, in authenticate
    if user.check_password(password) and self.user_can_authenticate(user):
       ~~~~~~~~~~~~~~~~~~~^^^^^^^^^^
  File "C:\Users\celf_\Downloads\Desarrollo\GestorFinanzas\venv\Lib\site-packages\django\contrib\auth\base_user.py", line 109, in check_password
    return check_password(raw_password, self.password, setter)
  File "C:\Users\celf_\Downloads\Desarrollo\GestorFinanzas\venv\Lib\site-packages\django\contrib\auth\hashers.py", line 85, in check_password
    setter(password)
    ~~~~~~^^^^^^^^^^
  File "C:\Users\celf_\Downloads\Desarrollo\GestorFinanzas\venv\Lib\site-packages\django\contrib\auth\base_user.py", line 104, in setter
    self.set_password(raw_password)
    ~~~~~~~~~~~~~~~~~^^^^^^^^^^^^^^
  File "C:\Users\celf_\Downloads\Desarrollo\GestorFinanzas\venv\Lib\site-packages\django\contrib\auth\base_user.py", line 94, in set_password
    self.password = make_password(raw_password)
                    ~~~~~~~~~~~~~^^^^^^^^^^^^^^
  File "C:\Users\celf_\Downloads\Desarrollo\GestorFinanzas\venv\Lib\site-packages\django\contrib\auth\hashers.py", line 119, in make_password
    return hasher.encode(password, salt)
           ~~~~~~~~~~~~~^^^^^^^^^^^^^^^^
  File "C:\Users\celf_\Downloads\Desarrollo\GestorFinanzas\venv\Lib\site-packages\django\contrib\auth\hashers.py", line 404, in encode
    argon2 = self._load_library()
  File "C:\Users\celf_\Downloads\Desarrollo\GestorFinanzas\venv\Lib\site-packages\django\contrib\auth\hashers.py", line 233, in _load_library
    raise ValueError(
    ...<2 lines>...
    )
ValueError: Couldn't load 'Argon2PasswordHasher' algorithm library: No module named 'argon2'
2026-08-31 21:33:09,410 ERROR django.request Internal Server Error: /perfil/
Traceback (most recent call last):
  File "C:\Users\celf_\Downloads\Desarrollo\GestorFinanzas\venv\Lib\site-packages\django\core\handlers\exception.py", line 55, in inner
    response = get_response(request)
  File "C:\Users\celf_\Downloads\Desarrollo\GestorFinanzas\venv\Lib\site-packages\django\core\handlers\base.py", line 198, in _get_response
    response = wrapped_callback(request, *callback_args, **callback_kwargs)
  File "C:\Users\celf_\Downloads\Desarrollo\GestorFinanzas\venv\Lib\site-packages\django\contrib\auth\decorators.py", line 59, in _view_wrapper
    return view_func(request, *args, **kwargs)
  File "C:\Users\celf_\Downloads\Desarrollo\GestorFinanzas\finanzas\views.py", line 2333, in perfil
    return render(request, 'finanzas/perfil.html', context)
  File "C:\Users\celf_\Downloads\Desarrollo\GestorFinanzas\venv\Lib\site-packages\django\shortcuts.py", line 25, in render
    content = loader.render_to_string(template_name, context, request, using=using)
  File "C:\Users\celf_\Downloads\Desarrollo\GestorFinanzas\venv\Lib\site-packages\django\template\loader.py", line 62, in render_to_string
    return template.render(context, request)
           ~~~~~~~~~~~~~~~^^^^^^^^^^^^^^^^^^
  File "C:\Users\celf_\Downloads\Desarrollo\GestorFinanzas\venv\Lib\site-packages\django\template\backends\django.py", line 107, in render
    return self.template.render(context)
           ~~~~~~~~~~~~~~~~~~~~^^^^^^^^^
  File "C:\Users\celf_\Downloads\Desarrollo\GestorFinanzas\venv\Lib\site-packages\django\template\base.py", line 174, in render
    return self._render(context)
           ~~~~~~~~~~~~^^^^^^^^^
  File "C:\Users\celf_\Downloads\Desarrollo\GestorFinanzas\venv\Lib\site-packages\django\template\base.py", line 166, in _render
    return self.nodelist.render(context)
           ~~~~~~~~~~~~~~~~~~~~^^^^^^^^^
  File "C:\Users\celf_\Downloads\Desarrollo\GestorFinanzas\venv\Lib\site-packages\django\template\base.py", line 1091, in render
    return SafeString("".join([node.render_annotated(context) for node in self]))
                               ~~~~~~~~~~~~~~~~~~~~~^^^^^^^^^
  File "C:\Users\celf_\Downloads\Desarrollo\GestorFinanzas\venv\Lib\site-packages\django\template\base.py", line 1052, in render_annotated
    return self.render(context)
           ~~~~~~~~~~~^^^^^^^^^
  File "C:\Users\celf_\Downloads\Desarrollo\GestorFinanzas\venv\Lib\site-packages\django\template\loader_tags.py", line 160, in render
    return compiled_parent._render(context)
           ~~~~~~~~~~~~~~~~~~~~~~~^^^^^^^^^
  File "C:\Users\celf_\Downloads\Desarrollo\GestorFinanzas\venv\Lib\site-packages\django\template\base.py", line 166, in _render
    return self.nodelist.render(context)
           ~~~~~~~~~~~~~~~~~~~~^^^^^^^^^
  File "C:\Users\celf_\Downloads\Desarrollo\GestorFinanzas\venv\Lib\site-packages\django\template\base.py", line 1091, in render
    return SafeString("".join([node.render_annotated(context) for node in self]))
                               ~~~~~~~~~~~~~~~~~~~~~^^^^^^^^^
  File "C:\Users\celf_\Downloads\Desarrollo\GestorFinanzas\venv\Lib\site-packages\django\template\base.py", line 1052, in render_annotated
    return self.render(context)
           ~~~~~~~~~~~^^^^^^^^^
  File "C:\Users\celf_\Downloads\Desarrollo\GestorFinanzas\venv\Lib\site-packages\django\template\loader_tags.py", line 66, in render
    result = block.nodelist.render(context)
  File "C:\Users\celf_\Downloads\Desarrollo\GestorFinanzas\venv\Lib\site-packages\django\template\base.py", line 1091, in render
    return SafeString("".join([node.render_annotated(context) for node in self]))
                               ~~~~~~~~~~~~~~~~~~~~~^^^^^^^^^
  File "C:\Users\celf_\Downloads\Desarrollo\GestorFinanzas\venv\Lib\site-packages\django\template\base.py", line 1052, in render_annotated
    return self.render(context)
           ~~~~~~~~~~~^^^^^^^^^
  File "C:\Users\celf_\Downloads\Desarrollo\GestorFinanzas\venv\Lib\site-packages\django\template\defaulttags.py", line 511, in render
    url = reverse(view_name, args=args, kwargs=kwargs, current_app=current_app)
  File "C:\Users\celf_\Downloads\Desarrollo\GestorFinanzas\venv\Lib\site-packages\django\urls\base.py", line 98, in reverse
    resolved_url = resolver._reverse_with_prefix(view, prefix, *args, **kwargs)
  File "C:\Users\celf_\Downloads\Desarrollo\GestorFinanzas\venv\Lib\site-packages\django\urls\resolvers.py", line 842, in _reverse_with_prefix
    raise NoReverseMatch(msg)
django.urls.exceptions.NoReverseMatch: Reverse for 'configurar_2fa' not found. 'configurar_2fa' is not a valid view function or pattern name.
2026-08-31 21:35:45,388 ERROR django.request Internal Server Error: /perfil/dos-pasos/
Traceback (most recent call last):
  File "C:\Users\celf_\Downloads\Desarrollo\GestorFinanzas\venv\Lib\site-packages\django\core\handlers\exception.py", line 55, in inner
    response = get_response(request)
  File "C:\Users\celf_\Downloads\Desarrollo\GestorFinanzas\venv\Lib\site-packages\django\core\handlers\base.py", line 198, in _get_response
    response = wrapped_callback(request, *callback_args, **callback_kwargs)
  File "C:\Users\celf_\Downloads\Desarrollo\GestorFinanzas\venv\Lib\site-packages\django\contrib\auth\decorators.py", line 59, in _view_wrapper
    return view_func(request, *args, **kwargs)
  File "C:\Users\celf_\Downloads\Desarrollo\GestorFinanzas\finanzas\views.py", line 2274, in configurar_2fa
    factor, _ = SegundoFactor.objects.get_or_create(
                ^^^^^^^^^^^^^
NameError: name 'SegundoFactor' is not defined
2026-08-31 21:36:27,620 ERROR django.request Internal Server Error: /perfil/dos-pasos/
Traceback (most recent call last):
  File "C:\Users\celf_\Downloads\Desarrollo\GestorFinanzas\venv\Lib\site-packages\django\core\handlers\exception.py", line 55, in inner
    response = get_response(request)
  File "C:\Users\celf_\Downloads\Desarrollo\GestorFinanzas\venv\Lib\site-packages\django\core\handlers\base.py", line 198, in _get_response
    response = wrapped_callback(request, *callback_args, **callback_kwargs)
  File "C:\Users\celf_\Downloads\Desarrollo\GestorFinanzas\venv\Lib\site-packages\django\contrib\auth\decorators.py", line 59, in _view_wrapper
    return view_func(request, *args, **kwargs)
  File "C:\Users\celf_\Downloads\Desarrollo\GestorFinanzas\finanzas\views.py", line 2274, in configurar_2fa
    factor, _ = SegundoFactor.objects.get_or_create(
                ^^^^^^^^^^^^^
NameError: name 'SegundoFactor' is not defined
2026-09-03 16:09:56,093 ERROR django.request Internal Server Error: /login/
Traceback (most recent call last):
  File "C:\Users\celf_\Downloads\Desarrollo\GestorFinanzas\venv\Lib\site-packages\django\core\handlers\exception.py", line 55, in inner
    response = get_response(request)
  File "C:\Users\celf_\Downloads\Desarrollo\GestorFinanzas\venv\Lib\site-packages\django\core\handlers\base.py", line 198, in _get_response
    response = wrapped_callback(request, *callback_args, **callback_kwargs)
  File "C:\Users\celf_\Downloads\Desarrollo\GestorFinanzas\finanzas\views.py", line 2295, in entrar
    return render(request, 'registration/login.html',
                  {'form': AuthenticationForm()})
  File "C:\Users\celf_\Downloads\Desarrollo\GestorFinanzas\venv\Lib\site-packages\django\shortcuts.py", line 25, in render
    content = loader.render_to_string(template_name, context, request, using=using)
  File "C:\Users\celf_\Downloads\Desarrollo\GestorFinanzas\venv\Lib\site-packages\django\template\loader.py", line 62, in render_to_string
    return template.render(context, request)
           ~~~~~~~~~~~~~~~^^^^^^^^^^^^^^^^^^
  File "C:\Users\celf_\Downloads\Desarrollo\GestorFinanzas\venv\Lib\site-packages\django\template\backends\django.py", line 107, in render
    return self.template.render(context)
           ~~~~~~~~~~~~~~~~~~~~^^^^^^^^^
  File "C:\Users\celf_\Downloads\Desarrollo\GestorFinanzas\venv\Lib\site-packages\django\template\base.py", line 174, in render
    return self._render(context)
           ~~~~~~~~~~~~^^^^^^^^^
  File "C:\Users\celf_\Downloads\Desarrollo\GestorFinanzas\venv\Lib\site-packages\django\template\base.py", line 166, in _render
    return self.nodelist.render(context)
           ~~~~~~~~~~~~~~~~~~~~^^^^^^^^^
  File "C:\Users\celf_\Downloads\Desarrollo\GestorFinanzas\venv\Lib\site-packages\django\template\base.py", line 1091, in render
    return SafeString("".join([node.render_annotated(context) for node in self]))
                               ~~~~~~~~~~~~~~~~~~~~~^^^^^^^^^
  File "C:\Users\celf_\Downloads\Desarrollo\GestorFinanzas\venv\Lib\site-packages\django\template\base.py", line 1052, in render_annotated
    return self.render(context)
           ~~~~~~~~~~~^^^^^^^^^
  File "C:\Users\celf_\Downloads\Desarrollo\GestorFinanzas\venv\Lib\site-packages\django\template\loader_tags.py", line 160, in render
    return compiled_parent._render(context)
           ~~~~~~~~~~~~~~~~~~~~~~~^^^^^^^^^
  File "C:\Users\celf_\Downloads\Desarrollo\GestorFinanzas\venv\Lib\site-packages\django\template\base.py", line 166, in _render
    return self.nodelist.render(context)
           ~~~~~~~~~~~~~~~~~~~~^^^^^^^^^
  File "C:\Users\celf_\Downloads\Desarrollo\GestorFinanzas\venv\Lib\site-packages\django\template\base.py", line 1091, in render
    return SafeString("".join([node.render_annotated(context) for node in self]))
                               ~~~~~~~~~~~~~~~~~~~~~^^^^^^^^^
  File "C:\Users\celf_\Downloads\Desarrollo\GestorFinanzas\venv\Lib\site-packages\django\template\base.py", line 1052, in render_annotated
    return self.render(context)
           ~~~~~~~~~~~^^^^^^^^^
  File "C:\Users\celf_\Downloads\Desarrollo\GestorFinanzas\venv\Lib\site-packages\django\template\loader_tags.py", line 66, in render
    result = block.nodelist.render(context)
  File "C:\Users\celf_\Downloads\Desarrollo\GestorFinanzas\venv\Lib\site-packages\django\template\base.py", line 1091, in render
    return SafeString("".join([node.render_annotated(context) for node in self]))
                               ~~~~~~~~~~~~~~~~~~~~~^^^^^^^^^
  File "C:\Users\celf_\Downloads\Desarrollo\GestorFinanzas\venv\Lib\site-packages\django\template\base.py", line 1052, in render_annotated
    return self.render(context)
           ~~~~~~~~~~~^^^^^^^^^
  File "C:\Users\celf_\Downloads\Desarrollo\GestorFinanzas\venv\Lib\site-packages\django\template\defaulttags.py", line 511, in render
    url = reverse(view_name, args=args, kwargs=kwargs, current_app=current_app)
  File "C:\Users\celf_\Downloads\Desarrollo\GestorFinanzas\venv\Lib\site-packages\django\urls\base.py", line 98, in reverse
    resolved_url = resolver._reverse_with_prefix(view, prefix, *args, **kwargs)
  File "C:\Users\celf_\Downloads\Desarrollo\GestorFinanzas\venv\Lib\site-packages\django\urls\resolvers.py", line 842, in _reverse_with_prefix
    raise NoReverseMatch(msg)
django.urls.exceptions.NoReverseMatch: Reverse for 'recuperar' not found. 'recuperar' is not a valid view function or pattern name.
2026-09-03 16:11:38,800 ERROR finanzas Mailgun devolvió 403: {"message":"Domain sandbox10012fbd2c274a3aafa1b4a4b9d13ee3.mailgun.org is not allowed to send: Free accounts are for test purposes only. Please upgrade or add the address to your authorized recipients."}

2026-09-03 16:11:38,800 ERROR finanzas Reset solicitado para 1 pero el correo no salió
2026-09-03 16:19:50,573 ERROR finanzas Mailgun devolvió 403: {"message":"Domain sandbox10012fbd2c274a3aafa1b4a4b9d13ee3.mailgun.org is not allowed to send: Free accounts are for test purposes only. Please upgrade or add the address to your authorized recipients."}

2026-09-03 16:19:50,573 ERROR finanzas Reset solicitado para 1 pero el correo no salió
2026-09-03 16:29:32,452 ERROR finanzas El proveedor de correo devolvió 403: error code: 1010

2026-09-03 16:29:32,453 ERROR finanzas Reset solicitado para 1 pero el correo no salió
2026-09-03 16:30:30,073 INFO finanzas Correo aceptado: 579e0910-bd7e-44de-8ea2-1b1d9bd738ab
2026-09-03 17:17:25,203 INFO finanzas Correo aceptado: d2cb8deb-350c-4051-85d4-74dcb349fe88
2026-09-03 17:19:42,387 INFO finanzas Correo aceptado: 57f386e2-4856-477a-8f13-b915d080d701
2026-09-08 11:58:09,628 ERROR django.request Internal Server Error: /cuotas/
Traceback (most recent call last):
  File "C:\Users\celf_\Downloads\Desarrollo\GestorFinanzas\venv\Lib\site-packages\django\core\handlers\exception.py", line 55, in inner
    response = get_response(request)
  File "C:\Users\celf_\Downloads\Desarrollo\GestorFinanzas\venv\Lib\site-packages\django\core\handlers\base.py", line 198, in _get_response
    response = wrapped_callback(request, *callback_args, **callback_kwargs)
  File "C:\Users\celf_\Downloads\Desarrollo\GestorFinanzas\venv\Lib\site-packages\django\contrib\auth\decorators.py", line 59, in _view_wrapper
    return view_func(request, *args, **kwargs)
  File "C:\Users\celf_\Downloads\Desarrollo\GestorFinanzas\finanzas\views.py", line 1091, in deudas
    return render(request, 'finanzas/deudas.html', context)
  File "C:\Users\celf_\Downloads\Desarrollo\GestorFinanzas\venv\Lib\site-packages\django\shortcuts.py", line 25, in render
    content = loader.render_to_string(template_name, context, request, using=using)
  File "C:\Users\celf_\Downloads\Desarrollo\GestorFinanzas\venv\Lib\site-packages\django\template\loader.py", line 62, in render_to_string
    return template.render(context, request)
           ~~~~~~~~~~~~~~~^^^^^^^^^^^^^^^^^^
  File "C:\Users\celf_\Downloads\Desarrollo\GestorFinanzas\venv\Lib\site-packages\django\template\backends\django.py", line 107, in render
    return self.template.render(context)
           ~~~~~~~~~~~~~~~~~~~~^^^^^^^^^
  File "C:\Users\celf_\Downloads\Desarrollo\GestorFinanzas\venv\Lib\site-packages\django\template\base.py", line 174, in render
    return self._render(context)
           ~~~~~~~~~~~~^^^^^^^^^
  File "C:\Users\celf_\Downloads\Desarrollo\GestorFinanzas\venv\Lib\site-packages\django\template\base.py", line 166, in _render
    return self.nodelist.render(context)
           ~~~~~~~~~~~~~~~~~~~~^^^^^^^^^
  File "C:\Users\celf_\Downloads\Desarrollo\GestorFinanzas\venv\Lib\site-packages\django\template\base.py", line 1091, in render
    return SafeString("".join([node.render_annotated(context) for node in self]))
                               ~~~~~~~~~~~~~~~~~~~~~^^^^^^^^^
  File "C:\Users\celf_\Downloads\Desarrollo\GestorFinanzas\venv\Lib\site-packages\django\template\base.py", line 1052, in render_annotated
    return self.render(context)
           ~~~~~~~~~~~^^^^^^^^^
  File "C:\Users\celf_\Downloads\Desarrollo\GestorFinanzas\venv\Lib\site-packages\django\template\loader_tags.py", line 135, in render
    compiled_parent = self.get_parent(context)
  File "C:\Users\celf_\Downloads\Desarrollo\GestorFinanzas\venv\Lib\site-packages\django\template\loader_tags.py", line 132, in get_parent
    return self.find_template(parent, context)
           ~~~~~~~~~~~~~~~~~~^^^^^^^^^^^^^^^^^
  File "C:\Users\celf_\Downloads\Desarrollo\GestorFinanzas\venv\Lib\site-packages\django\template\loader_tags.py", line 110, in find_template
    template, origin = context.template.engine.find_template(
                       ~~~~~~~~~~~~~~~~~~~~~~~~~~~~~~~~~~~~~^
        template_name,
        ^^^^^^^^^^^^^^
        skip=history,
        ^^^^^^^^^^^^^
    )
    ^
  File "C:\Users\celf_\Downloads\Desarrollo\GestorFinanzas\venv\Lib\site-packages\django\template\engine.py", line 159, in find_template
    template = loader.get_template(name, skip=skip)
  File "C:\Users\celf_\Downloads\Desarrollo\GestorFinanzas\venv\Lib\site-packages\django\template\loaders\cached.py", line 57, in get_template
    template = super().get_template(template_name, skip)
  File "C:\Users\celf_\Downloads\Desarrollo\GestorFinanzas\venv\Lib\site-packages\django\template\loaders\base.py", line 28, in get_template
    return Template(
        contents,
    ...<2 lines>...
        self.engine,
    )
  File "C:\Users\celf_\Downloads\Desarrollo\GestorFinanzas\venv\Lib\site-packages\django\template\base.py", line 157, in __init__
    self.nodelist = self.compile_nodelist()
                    ~~~~~~~~~~~~~~~~~~~~~^^
  File "C:\Users\celf_\Downloads\Desarrollo\GestorFinanzas\venv\Lib\site-packages\django\template\base.py", line 199, in compile_nodelist
    nodelist = parser.parse()
  File "C:\Users\celf_\Downloads\Desarrollo\GestorFinanzas\venv\Lib\site-packages\django\template\base.py", line 585, in parse
    raise self.error(token, e)
  File "C:\Users\celf_\Downloads\Desarrollo\GestorFinanzas\venv\Lib\site-packages\django\template\base.py", line 583, in parse
    compiled_result = compile_func(self, token)
  File "C:\Users\celf_\Downloads\Desarrollo\GestorFinanzas\venv\Lib\site-packages\django\template\defaulttags.py", line 1556, in url
    raise TemplateSyntaxError(
        "'%s' takes at least one argument, a URL pattern name." % bits[0]
    )
django.template.exceptions.TemplateSyntaxError: Template: C:\Users\celf_\Downloads\Desarrollo\GestorFinanzas\finanzas\templates\finanzas\base.html, 'url' takes at least one argument, a URL pattern name.
2026-09-08 22:16:59,448 ERROR django.request Internal Server Error: /
Traceback (most recent call last):
  File "C:\Users\celf_\Downloads\Desarrollo\GestorFinanzas\venv\Lib\site-packages\django\core\handlers\exception.py", line 55, in inner
    response = get_response(request)
  File "C:\Users\celf_\Downloads\Desarrollo\GestorFinanzas\venv\Lib\site-packages\django\core\handlers\base.py", line 198, in _get_response
    response = wrapped_callback(request, *callback_args, **callback_kwargs)
  File "C:\Users\celf_\Downloads\Desarrollo\GestorFinanzas\venv\Lib\site-packages\django\contrib\auth\decorators.py", line 59, in _view_wrapper
    return view_func(request, *args, **kwargs)
  File "C:\Users\celf_\Downloads\Desarrollo\GestorFinanzas\finanzas\views.py", line 1047, in dashboard
    return render(request, 'finanzas/dashboard.html', context)
  File "C:\Users\celf_\Downloads\Desarrollo\GestorFinanzas\venv\Lib\site-packages\django\shortcuts.py", line 25, in render
    content = loader.render_to_string(template_name, context, request, using=using)
  File "C:\Users\celf_\Downloads\Desarrollo\GestorFinanzas\venv\Lib\site-packages\django\template\loader.py", line 62, in render_to_string
    return template.render(context, request)
           ~~~~~~~~~~~~~~~^^^^^^^^^^^^^^^^^^
  File "C:\Users\celf_\Downloads\Desarrollo\GestorFinanzas\venv\Lib\site-packages\django\template\backends\django.py", line 107, in render
    return self.template.render(context)
           ~~~~~~~~~~~~~~~~~~~~^^^^^^^^^
  File "C:\Users\celf_\Downloads\Desarrollo\GestorFinanzas\venv\Lib\site-packages\django\template\base.py", line 174, in render
    return self._render(context)
           ~~~~~~~~~~~~^^^^^^^^^
  File "C:\Users\celf_\Downloads\Desarrollo\GestorFinanzas\venv\Lib\site-packages\django\template\base.py", line 166, in _render
    return self.nodelist.render(context)
           ~~~~~~~~~~~~~~~~~~~~^^^^^^^^^
  File "C:\Users\celf_\Downloads\Desarrollo\GestorFinanzas\venv\Lib\site-packages\django\template\base.py", line 1091, in render
    return SafeString("".join([node.render_annotated(context) for node in self]))
                               ~~~~~~~~~~~~~~~~~~~~~^^^^^^^^^
  File "C:\Users\celf_\Downloads\Desarrollo\GestorFinanzas\venv\Lib\site-packages\django\template\base.py", line 1052, in render_annotated
    return self.render(context)
           ~~~~~~~~~~~^^^^^^^^^
  File "C:\Users\celf_\Downloads\Desarrollo\GestorFinanzas\venv\Lib\site-packages\django\template\loader_tags.py", line 135, in render
    compiled_parent = self.get_parent(context)
  File "C:\Users\celf_\Downloads\Desarrollo\GestorFinanzas\venv\Lib\site-packages\django\template\loader_tags.py", line 132, in get_parent
    return self.find_template(parent, context)
           ~~~~~~~~~~~~~~~~~~^^^^^^^^^^^^^^^^^
  File "C:\Users\celf_\Downloads\Desarrollo\GestorFinanzas\venv\Lib\site-packages\django\template\loader_tags.py", line 110, in find_template
    template, origin = context.template.engine.find_template(
                       ~~~~~~~~~~~~~~~~~~~~~~~~~~~~~~~~~~~~~^
        template_name,
        ^^^^^^^^^^^^^^
        skip=history,
        ^^^^^^^^^^^^^
    )
    ^
  File "C:\Users\celf_\Downloads\Desarrollo\GestorFinanzas\venv\Lib\site-packages\django\template\engine.py", line 159, in find_template
    template = loader.get_template(name, skip=skip)
  File "C:\Users\celf_\Downloads\Desarrollo\GestorFinanzas\venv\Lib\site-packages\django\template\loaders\cached.py", line 57, in get_template
    template = super().get_template(template_name, skip)
  File "C:\Users\celf_\Downloads\Desarrollo\GestorFinanzas\venv\Lib\site-packages\django\template\loaders\base.py", line 28, in get_template
    return Template(
        contents,
    ...<2 lines>...
        self.engine,
    )
  File "C:\Users\celf_\Downloads\Desarrollo\GestorFinanzas\venv\Lib\site-packages\django\template\base.py", line 157, in __init__
    self.nodelist = self.compile_nodelist()
                    ~~~~~~~~~~~~~~~~~~~~~^^
  File "C:\Users\celf_\Downloads\Desarrollo\GestorFinanzas\venv\Lib\site-packages\django\template\base.py", line 199, in compile_nodelist
    nodelist = parser.parse()
  File "C:\Users\celf_\Downloads\Desarrollo\GestorFinanzas\venv\Lib\site-packages\django\template\base.py", line 585, in parse
    raise self.error(token, e)
  File "C:\Users\celf_\Downloads\Desarrollo\GestorFinanzas\venv\Lib\site-packages\django\template\base.py", line 583, in parse
    compiled_result = compile_func(self, token)
  File "C:\Users\celf_\Downloads\Desarrollo\GestorFinanzas\venv\Lib\site-packages\django\template\defaulttags.py", line 1556, in url
    raise TemplateSyntaxError(
        "'%s' takes at least one argument, a URL pattern name." % bits[0]
    )
django.template.exceptions.TemplateSyntaxError: Template: C:\Users\celf_\Downloads\Desarrollo\GestorFinanzas\finanzas\templates\finanzas\base.html, 'url' takes at least one argument, a URL pattern name.
2026-09-08 22:25:15,426 ERROR django.request Internal Server Error: /
Traceback (most recent call last):
  File "C:\Users\celf_\Downloads\Desarrollo\GestorFinanzas\venv\Lib\site-packages\django\core\handlers\exception.py", line 55, in inner
    response = get_response(request)
  File "C:\Users\celf_\Downloads\Desarrollo\GestorFinanzas\venv\Lib\site-packages\django\core\handlers\base.py", line 198, in _get_response
    response = wrapped_callback(request, *callback_args, **callback_kwargs)
  File "C:\Users\celf_\Downloads\Desarrollo\GestorFinanzas\venv\Lib\site-packages\django\contrib\auth\decorators.py", line 59, in _view_wrapper
    return view_func(request, *args, **kwargs)
  File "C:\Users\celf_\Downloads\Desarrollo\GestorFinanzas\finanzas\views.py", line 1047, in dashboard
    return render(request, 'finanzas/dashboard.html', context)
  File "C:\Users\celf_\Downloads\Desarrollo\GestorFinanzas\venv\Lib\site-packages\django\shortcuts.py", line 25, in render
    content = loader.render_to_string(template_name, context, request, using=using)
  File "C:\Users\celf_\Downloads\Desarrollo\GestorFinanzas\venv\Lib\site-packages\django\template\loader.py", line 62, in render_to_string
    return template.render(context, request)
           ~~~~~~~~~~~~~~~^^^^^^^^^^^^^^^^^^
  File "C:\Users\celf_\Downloads\Desarrollo\GestorFinanzas\venv\Lib\site-packages\django\template\backends\django.py", line 107, in render
    return self.template.render(context)
           ~~~~~~~~~~~~~~~~~~~~^^^^^^^^^
  File "C:\Users\celf_\Downloads\Desarrollo\GestorFinanzas\venv\Lib\site-packages\django\template\base.py", line 174, in render
    return self._render(context)
           ~~~~~~~~~~~~^^^^^^^^^
  File "C:\Users\celf_\Downloads\Desarrollo\GestorFinanzas\venv\Lib\site-packages\django\template\base.py", line 166, in _render
    return self.nodelist.render(context)
           ~~~~~~~~~~~~~~~~~~~~^^^^^^^^^
  File "C:\Users\celf_\Downloads\Desarrollo\GestorFinanzas\venv\Lib\site-packages\django\template\base.py", line 1091, in render
    return SafeString("".join([node.render_annotated(context) for node in self]))
                               ~~~~~~~~~~~~~~~~~~~~~^^^^^^^^^
  File "C:\Users\celf_\Downloads\Desarrollo\GestorFinanzas\venv\Lib\site-packages\django\template\base.py", line 1052, in render_annotated
    return self.render(context)
           ~~~~~~~~~~~^^^^^^^^^
  File "C:\Users\celf_\Downloads\Desarrollo\GestorFinanzas\venv\Lib\site-packages\django\template\loader_tags.py", line 135, in render
    compiled_parent = self.get_parent(context)
  File "C:\Users\celf_\Downloads\Desarrollo\GestorFinanzas\venv\Lib\site-packages\django\template\loader_tags.py", line 132, in get_parent
    return self.find_template(parent, context)
           ~~~~~~~~~~~~~~~~~~^^^^^^^^^^^^^^^^^
  File "C:\Users\celf_\Downloads\Desarrollo\GestorFinanzas\venv\Lib\site-packages\django\template\loader_tags.py", line 110, in find_template
    template, origin = context.template.engine.find_template(
                       ~~~~~~~~~~~~~~~~~~~~~~~~~~~~~~~~~~~~~^
        template_name,
        ^^^^^^^^^^^^^^
        skip=history,
        ^^^^^^^^^^^^^
    )
    ^
  File "C:\Users\celf_\Downloads\Desarrollo\GestorFinanzas\venv\Lib\site-packages\django\template\engine.py", line 159, in find_template
    template = loader.get_template(name, skip=skip)
  File "C:\Users\celf_\Downloads\Desarrollo\GestorFinanzas\venv\Lib\site-packages\django\template\loaders\cached.py", line 57, in get_template
    template = super().get_template(template_name, skip)
  File "C:\Users\celf_\Downloads\Desarrollo\GestorFinanzas\venv\Lib\site-packages\django\template\loaders\base.py", line 28, in get_template
    return Template(
        contents,
    ...<2 lines>...
        self.engine,
    )
  File "C:\Users\celf_\Downloads\Desarrollo\GestorFinanzas\venv\Lib\site-packages\django\template\base.py", line 157, in __init__
    self.nodelist = self.compile_nodelist()
                    ~~~~~~~~~~~~~~~~~~~~~^^
  File "C:\Users\celf_\Downloads\Desarrollo\GestorFinanzas\venv\Lib\site-packages\django\template\base.py", line 199, in compile_nodelist
    nodelist = parser.parse()
  File "C:\Users\celf_\Downloads\Desarrollo\GestorFinanzas\venv\Lib\site-packages\django\template\base.py", line 585, in parse
    raise self.error(token, e)
  File "C:\Users\celf_\Downloads\Desarrollo\GestorFinanzas\venv\Lib\site-packages\django\template\base.py", line 583, in parse
    compiled_result = compile_func(self, token)
  File "C:\Users\celf_\Downloads\Desarrollo\GestorFinanzas\venv\Lib\site-packages\django\template\defaulttags.py", line 1556, in url
    raise TemplateSyntaxError(
        "'%s' takes at least one argument, a URL pattern name." % bits[0]
    )
django.template.exceptions.TemplateSyntaxError: Template: C:\Users\celf_\Downloads\Desarrollo\GestorFinanzas\finanzas\templates\finanzas\base.html, 'url' takes at least one argument, a URL pattern name.
2026-09-09 16:27:14,064 INFO finanzas Acceso con Google: clopez (vinculada)
2026-09-09 17:17:54,577 ERROR django.request Internal Server Error: /perfil/
Traceback (most recent call last):
  File "C:\Users\celf_\Downloads\Desarrollo\GestorFinanzas\venv\Lib\site-packages\django\core\handlers\exception.py", line 55, in inner
    response = get_response(request)
  File "C:\Users\celf_\Downloads\Desarrollo\GestorFinanzas\venv\Lib\site-packages\django\core\handlers\base.py", line 198, in _get_response
    response = wrapped_callback(request, *callback_args, **callback_kwargs)
  File "C:\Users\celf_\Downloads\Desarrollo\GestorFinanzas\venv\Lib\site-packages\django\contrib\auth\decorators.py", line 59, in _view_wrapper
    return view_func(request, *args, **kwargs)
  File "C:\Users\celf_\Downloads\Desarrollo\GestorFinanzas\finanzas\views.py", line 2941, in perfil
    return render(request, 'finanzas/perfil.html', context)
  File "C:\Users\celf_\Downloads\Desarrollo\GestorFinanzas\venv\Lib\site-packages\django\shortcuts.py", line 25, in render
    content = loader.render_to_string(template_name, context, request, using=using)
  File "C:\Users\celf_\Downloads\Desarrollo\GestorFinanzas\venv\Lib\site-packages\django\template\loader.py", line 62, in render_to_string
    return template.render(context, request)
           ~~~~~~~~~~~~~~~^^^^^^^^^^^^^^^^^^
  File "C:\Users\celf_\Downloads\Desarrollo\GestorFinanzas\venv\Lib\site-packages\django\template\backends\django.py", line 107, in render
    return self.template.render(context)
           ~~~~~~~~~~~~~~~~~~~~^^^^^^^^^
  File "C:\Users\celf_\Downloads\Desarrollo\GestorFinanzas\venv\Lib\site-packages\django\template\base.py", line 174, in render
    return self._render(context)
           ~~~~~~~~~~~~^^^^^^^^^
  File "C:\Users\celf_\Downloads\Desarrollo\GestorFinanzas\venv\Lib\site-packages\django\template\base.py", line 166, in _render
    return self.nodelist.render(context)
           ~~~~~~~~~~~~~~~~~~~~^^^^^^^^^
  File "C:\Users\celf_\Downloads\Desarrollo\GestorFinanzas\venv\Lib\site-packages\django\template\base.py", line 1091, in render
    return SafeString("".join([node.render_annotated(context) for node in self]))
                               ~~~~~~~~~~~~~~~~~~~~~^^^^^^^^^
  File "C:\Users\celf_\Downloads\Desarrollo\GestorFinanzas\venv\Lib\site-packages\django\template\base.py", line 1052, in render_annotated
    return self.render(context)
           ~~~~~~~~~~~^^^^^^^^^
  File "C:\Users\celf_\Downloads\Desarrollo\GestorFinanzas\venv\Lib\site-packages\django\template\loader_tags.py", line 135, in render
    compiled_parent = self.get_parent(context)
  File "C:\Users\celf_\Downloads\Desarrollo\GestorFinanzas\venv\Lib\site-packages\django\template\loader_tags.py", line 132, in get_parent
    return self.find_template(parent, context)
           ~~~~~~~~~~~~~~~~~~^^^^^^^^^^^^^^^^^
  File "C:\Users\celf_\Downloads\Desarrollo\GestorFinanzas\venv\Lib\site-packages\django\template\loader_tags.py", line 110, in find_template
    template, origin = context.template.engine.find_template(
                       ~~~~~~~~~~~~~~~~~~~~~~~~~~~~~~~~~~~~~^
        template_name,
        ^^^^^^^^^^^^^^
        skip=history,
        ^^^^^^^^^^^^^
    )
    ^
  File "C:\Users\celf_\Downloads\Desarrollo\GestorFinanzas\venv\Lib\site-packages\django\template\engine.py", line 159, in find_template
    template = loader.get_template(name, skip=skip)
  File "C:\Users\celf_\Downloads\Desarrollo\GestorFinanzas\venv\Lib\site-packages\django\template\loaders\cached.py", line 57, in get_template
    template = super().get_template(template_name, skip)
  File "C:\Users\celf_\Downloads\Desarrollo\GestorFinanzas\venv\Lib\site-packages\django\template\loaders\base.py", line 28, in get_template
    return Template(
        contents,
    ...<2 lines>...
        self.engine,
    )
  File "C:\Users\celf_\Downloads\Desarrollo\GestorFinanzas\venv\Lib\site-packages\django\template\base.py", line 157, in __init__
    self.nodelist = self.compile_nodelist()
                    ~~~~~~~~~~~~~~~~~~~~~^^
  File "C:\Users\celf_\Downloads\Desarrollo\GestorFinanzas\venv\Lib\site-packages\django\template\base.py", line 199, in compile_nodelist
    nodelist = parser.parse()
  File "C:\Users\celf_\Downloads\Desarrollo\GestorFinanzas\venv\Lib\site-packages\django\template\base.py", line 585, in parse
    raise self.error(token, e)
  File "C:\Users\celf_\Downloads\Desarrollo\GestorFinanzas\venv\Lib\site-packages\django\template\base.py", line 583, in parse
    compiled_result = compile_func(self, token)
  File "C:\Users\celf_\Downloads\Desarrollo\GestorFinanzas\venv\Lib\site-packages\django\template\defaulttags.py", line 1556, in url
    raise TemplateSyntaxError(
        "'%s' takes at least one argument, a URL pattern name." % bits[0]
    )
django.template.exceptions.TemplateSyntaxError: Template: C:\Users\celf_\Downloads\Desarrollo\GestorFinanzas\finanzas\templates\finanzas\base.html, 'url' takes at least one argument, a URL pattern name.
2026-09-09 17:19:04,952 ERROR django.request Internal Server Error: /cartola/revisar/
Traceback (most recent call last):
  File "C:\Users\celf_\Downloads\Desarrollo\GestorFinanzas\venv\Lib\site-packages\django\core\handlers\exception.py", line 55, in inner
    response = get_response(request)
  File "C:\Users\celf_\Downloads\Desarrollo\GestorFinanzas\venv\Lib\site-packages\django\core\handlers\base.py", line 198, in _get_response
    response = wrapped_callback(request, *callback_args, **callback_kwargs)
  File "C:\Users\celf_\Downloads\Desarrollo\GestorFinanzas\venv\Lib\site-packages\django\contrib\auth\decorators.py", line 59, in _view_wrapper
    return view_func(request, *args, **kwargs)
  File "C:\Users\celf_\Downloads\Desarrollo\GestorFinanzas\finanzas\views_cartola.py", line 135, in revisar_cartola
    return render(request, 'finanzas/revisar_cartola.html', {
        'c': datos,
    ...<7 lines>...
        'cats_ingreso': [c for c in INGRESOS],
    })
  File "C:\Users\celf_\Downloads\Desarrollo\GestorFinanzas\venv\Lib\site-packages\django\shortcuts.py", line 25, in render
    content = loader.render_to_string(template_name, context, request, using=using)
  File "C:\Users\celf_\Downloads\Desarrollo\GestorFinanzas\venv\Lib\site-packages\django\template\loader.py", line 62, in render_to_string
    return template.render(context, request)
           ~~~~~~~~~~~~~~~^^^^^^^^^^^^^^^^^^
  File "C:\Users\celf_\Downloads\Desarrollo\GestorFinanzas\venv\Lib\site-packages\django\template\backends\django.py", line 107, in render
    return self.template.render(context)
           ~~~~~~~~~~~~~~~~~~~~^^^^^^^^^
  File "C:\Users\celf_\Downloads\Desarrollo\GestorFinanzas\venv\Lib\site-packages\django\template\base.py", line 174, in render
    return self._render(context)
           ~~~~~~~~~~~~^^^^^^^^^
  File "C:\Users\celf_\Downloads\Desarrollo\GestorFinanzas\venv\Lib\site-packages\django\template\base.py", line 166, in _render
    return self.nodelist.render(context)
           ~~~~~~~~~~~~~~~~~~~~^^^^^^^^^
  File "C:\Users\celf_\Downloads\Desarrollo\GestorFinanzas\venv\Lib\site-packages\django\template\base.py", line 1091, in render
    return SafeString("".join([node.render_annotated(context) for node in self]))
                               ~~~~~~~~~~~~~~~~~~~~~^^^^^^^^^
  File "C:\Users\celf_\Downloads\Desarrollo\GestorFinanzas\venv\Lib\site-packages\django\template\base.py", line 1052, in render_annotated
    return self.render(context)
           ~~~~~~~~~~~^^^^^^^^^
  File "C:\Users\celf_\Downloads\Desarrollo\GestorFinanzas\venv\Lib\site-packages\django\template\loader_tags.py", line 160, in render
    return compiled_parent._render(context)
           ~~~~~~~~~~~~~~~~~~~~~~~^^^^^^^^^
  File "C:\Users\celf_\Downloads\Desarrollo\GestorFinanzas\venv\Lib\site-packages\django\template\base.py", line 166, in _render
    return self.nodelist.render(context)
           ~~~~~~~~~~~~~~~~~~~~^^^^^^^^^
  File "C:\Users\celf_\Downloads\Desarrollo\GestorFinanzas\venv\Lib\site-packages\django\template\base.py", line 1091, in render
    return SafeString("".join([node.render_annotated(context) for node in self]))
                               ~~~~~~~~~~~~~~~~~~~~~^^^^^^^^^
  File "C:\Users\celf_\Downloads\Desarrollo\GestorFinanzas\venv\Lib\site-packages\django\template\base.py", line 1052, in render_annotated
    return self.render(context)
           ~~~~~~~~~~~^^^^^^^^^
  File "C:\Users\celf_\Downloads\Desarrollo\GestorFinanzas\venv\Lib\site-packages\django\template\defaulttags.py", line 237, in render
    raise ValueError(
    ...<3 lines>...
    )
ValueError: Need 2 values to unpack in for loop; got 6. 
2026-09-12 11:25:50,758 ERROR django.security.TooManyFieldsSent The number of GET/POST parameters exceeded settings.DATA_UPLOAD_MAX_NUMBER_FIELDS.
Traceback (most recent call last):
  File "C:\Users\celf_\Downloads\Desarrollo\GestorFinanzas\venv\Lib\site-packages\django\http\request.py", line 580, in __init__
    for key, value in parse_qsl(query_string, **parse_qsl_kwargs):
                      ~~~~~~~~~^^^^^^^^^^^^^^^^^^^^^^^^^^^^^^^^^^
  File "C:\Users\celf_\AppData\Local\Programs\Python\Python313\Lib\urllib\parse.py", line 816, in parse_qsl
    raise ValueError('Max number of fields exceeded')
ValueError: Max number of fields exceeded

The above exception was the direct cause of the following exception:

Traceback (most recent call last):
  File "C:\Users\celf_\Downloads\Desarrollo\GestorFinanzas\venv\Lib\site-packages\django\core\handlers\exception.py", line 55, in inner
    response = get_response(request)
  File "C:\Users\celf_\Downloads\Desarrollo\GestorFinanzas\venv\Lib\site-packages\django\core\handlers\base.py", line 186, in _get_response
    response = middleware_method(
        request, callback, callback_args, callback_kwargs
    )
  File "C:\Users\celf_\Downloads\Desarrollo\GestorFinanzas\venv\Lib\site-packages\django\middleware\csrf.py", line 466, in process_view
    self._check_token(request)
    ~~~~~~~~~~~~~~~~~^^^^^^^^^
  File "C:\Users\celf_\Downloads\Desarrollo\GestorFinanzas\venv\Lib\site-packages\django\middleware\csrf.py", line 368, in _check_token
    request_csrf_token = request.POST.get("csrfmiddlewaretoken", "")
                         ^^^^^^^^^^^^
  File "C:\Users\celf_\Downloads\Desarrollo\GestorFinanzas\venv\Lib\site-packages\django\core\handlers\wsgi.py", line 93, in _get_post
    self._load_post_and_files()
    ~~~~~~~~~~~~~~~~~~~~~~~~~^^
  File "C:\Users\celf_\Downloads\Desarrollo\GestorFinanzas\venv\Lib\site-packages\django\http\request.py", line 449, in _load_post_and_files
    self._post = QueryDict(self.body, encoding="utf-8")
                 ~~~~~~~~~^^^^^^^^^^^^^^^^^^^^^^^^^^^^^
  File "C:\Users\celf_\Downloads\Desarrollo\GestorFinanzas\venv\Lib\site-packages\django\http\request.py", line 587, in __init__
    raise TooManyFieldsSent(
    ...<2 lines>...
    ) from e
django.core.exceptions.TooManyFieldsSent: The number of GET/POST parameters exceeded settings.DATA_UPLOAD_MAX_NUMBER_FIELDS.
2026-09-14 18:34:00,881 ERROR django.request Internal Server Error: /
Traceback (most recent call last):
  File "C:\Users\celf_\Downloads\Desarrollo\GestorFinanzas\venv\Lib\site-packages\django\core\handlers\exception.py", line 55, in inner
    response = get_response(request)
  File "C:\Users\celf_\Downloads\Desarrollo\GestorFinanzas\venv\Lib\site-packages\django\core\handlers\base.py", line 198, in _get_response
    response = wrapped_callback(request, *callback_args, **callback_kwargs)
  File "C:\Users\celf_\Downloads\Desarrollo\GestorFinanzas\venv\Lib\site-packages\django\contrib\auth\decorators.py", line 59, in _view_wrapper
    return view_func(request, *args, **kwargs)
  File "C:\Users\celf_\Downloads\Desarrollo\GestorFinanzas\finanzas\views.py", line 1053, in dashboard
    return render(request, 'finanzas/dashboard.html', context)
  File "C:\Users\celf_\Downloads\Desarrollo\GestorFinanzas\venv\Lib\site-packages\django\shortcuts.py", line 25, in render
    content = loader.render_to_string(template_name, context, request, using=using)
  File "C:\Users\celf_\Downloads\Desarrollo\GestorFinanzas\venv\Lib\site-packages\django\template\loader.py", line 62, in render_to_string
    return template.render(context, request)
           ~~~~~~~~~~~~~~~^^^^^^^^^^^^^^^^^^
  File "C:\Users\celf_\Downloads\Desarrollo\GestorFinanzas\venv\Lib\site-packages\django\template\backends\django.py", line 107, in render
    return self.template.render(context)
           ~~~~~~~~~~~~~~~~~~~~^^^^^^^^^
  File "C:\Users\celf_\Downloads\Desarrollo\GestorFinanzas\venv\Lib\site-packages\django\template\base.py", line 174, in render
    return self._render(context)
           ~~~~~~~~~~~~^^^^^^^^^
  File "C:\Users\celf_\Downloads\Desarrollo\GestorFinanzas\venv\Lib\site-packages\django\template\base.py", line 166, in _render
    return self.nodelist.render(context)
           ~~~~~~~~~~~~~~~~~~~~^^^^^^^^^
  File "C:\Users\celf_\Downloads\Desarrollo\GestorFinanzas\venv\Lib\site-packages\django\template\base.py", line 1091, in render
    return SafeString("".join([node.render_annotated(context) for node in self]))
                               ~~~~~~~~~~~~~~~~~~~~~^^^^^^^^^
  File "C:\Users\celf_\Downloads\Desarrollo\GestorFinanzas\venv\Lib\site-packages\django\template\base.py", line 1052, in render_annotated
    return self.render(context)
           ~~~~~~~~~~~^^^^^^^^^
  File "C:\Users\celf_\Downloads\Desarrollo\GestorFinanzas\venv\Lib\site-packages\django\template\loader_tags.py", line 135, in render
    compiled_parent = self.get_parent(context)
  File "C:\Users\celf_\Downloads\Desarrollo\GestorFinanzas\venv\Lib\site-packages\django\template\loader_tags.py", line 132, in get_parent
    return self.find_template(parent, context)
           ~~~~~~~~~~~~~~~~~~^^^^^^^^^^^^^^^^^
  File "C:\Users\celf_\Downloads\Desarrollo\GestorFinanzas\venv\Lib\site-packages\django\template\loader_tags.py", line 110, in find_template
    template, origin = context.template.engine.find_template(
                       ~~~~~~~~~~~~~~~~~~~~~~~~~~~~~~~~~~~~~^
        template_name,
        ^^^^^^^^^^^^^^
        skip=history,
        ^^^^^^^^^^^^^
    )
    ^
  File "C:\Users\celf_\Downloads\Desarrollo\GestorFinanzas\venv\Lib\site-packages\django\template\engine.py", line 159, in find_template
    template = loader.get_template(name, skip=skip)
  File "C:\Users\celf_\Downloads\Desarrollo\GestorFinanzas\venv\Lib\site-packages\django\template\loaders\cached.py", line 57, in get_template
    template = super().get_template(template_name, skip)
  File "C:\Users\celf_\Downloads\Desarrollo\GestorFinanzas\venv\Lib\site-packages\django\template\loaders\base.py", line 28, in get_template
    return Template(
        contents,
    ...<2 lines>...
        self.engine,
    )
  File "C:\Users\celf_\Downloads\Desarrollo\GestorFinanzas\venv\Lib\site-packages\django\template\base.py", line 157, in __init__
    self.nodelist = self.compile_nodelist()
                    ~~~~~~~~~~~~~~~~~~~~~^^
  File "C:\Users\celf_\Downloads\Desarrollo\GestorFinanzas\venv\Lib\site-packages\django\template\base.py", line 199, in compile_nodelist
    nodelist = parser.parse()
  File "C:\Users\celf_\Downloads\Desarrollo\GestorFinanzas\venv\Lib\site-packages\django\template\base.py", line 585, in parse
    raise self.error(token, e)
  File "C:\Users\celf_\Downloads\Desarrollo\GestorFinanzas\venv\Lib\site-packages\django\template\base.py", line 583, in parse
    compiled_result = compile_func(self, token)
  File "C:\Users\celf_\Downloads\Desarrollo\GestorFinanzas\venv\Lib\site-packages\django\template\defaulttags.py", line 1556, in url
    raise TemplateSyntaxError(
        "'%s' takes at least one argument, a URL pattern name." % bits[0]
    )
django.template.exceptions.TemplateSyntaxError: Template: C:\Users\celf_\Downloads\Desarrollo\GestorFinanzas\finanzas\templates\finanzas\base.html, 'url' takes at least one argument, a URL pattern name.
2026-09-14 18:49:27,293 ERROR django.request Internal Server Error: /
Traceback (most recent call last):
  File "C:\Users\celf_\Downloads\Desarrollo\GestorFinanzas\venv\Lib\site-packages\django\core\handlers\exception.py", line 55, in inner
    response = get_response(request)
  File "C:\Users\celf_\Downloads\Desarrollo\GestorFinanzas\venv\Lib\site-packages\django\core\handlers\base.py", line 198, in _get_response
    response = wrapped_callback(request, *callback_args, **callback_kwargs)
  File "C:\Users\celf_\Downloads\Desarrollo\GestorFinanzas\venv\Lib\site-packages\django\contrib\auth\decorators.py", line 59, in _view_wrapper
    return view_func(request, *args, **kwargs)
  File "C:\Users\celf_\Downloads\Desarrollo\GestorFinanzas\finanzas\views.py", line 1053, in dashboard
    return render(request, 'finanzas/dashboard.html', context)
  File "C:\Users\celf_\Downloads\Desarrollo\GestorFinanzas\venv\Lib\site-packages\django\shortcuts.py", line 25, in render
    content = loader.render_to_string(template_name, context, request, using=using)
  File "C:\Users\celf_\Downloads\Desarrollo\GestorFinanzas\venv\Lib\site-packages\django\template\loader.py", line 62, in render_to_string
    return template.render(context, request)
           ~~~~~~~~~~~~~~~^^^^^^^^^^^^^^^^^^
  File "C:\Users\celf_\Downloads\Desarrollo\GestorFinanzas\venv\Lib\site-packages\django\template\backends\django.py", line 107, in render
    return self.template.render(context)
           ~~~~~~~~~~~~~~~~~~~~^^^^^^^^^
  File "C:\Users\celf_\Downloads\Desarrollo\GestorFinanzas\venv\Lib\site-packages\django\template\base.py", line 174, in render
    return self._render(context)
           ~~~~~~~~~~~~^^^^^^^^^
  File "C:\Users\celf_\Downloads\Desarrollo\GestorFinanzas\venv\Lib\site-packages\django\template\base.py", line 166, in _render
    return self.nodelist.render(context)
           ~~~~~~~~~~~~~~~~~~~~^^^^^^^^^
  File "C:\Users\celf_\Downloads\Desarrollo\GestorFinanzas\venv\Lib\site-packages\django\template\base.py", line 1091, in render
    return SafeString("".join([node.render_annotated(context) for node in self]))
                               ~~~~~~~~~~~~~~~~~~~~~^^^^^^^^^
  File "C:\Users\celf_\Downloads\Desarrollo\GestorFinanzas\venv\Lib\site-packages\django\template\base.py", line 1052, in render_annotated
    return self.render(context)
           ~~~~~~~~~~~^^^^^^^^^
  File "C:\Users\celf_\Downloads\Desarrollo\GestorFinanzas\venv\Lib\site-packages\django\template\loader_tags.py", line 135, in render
    compiled_parent = self.get_parent(context)
  File "C:\Users\celf_\Downloads\Desarrollo\GestorFinanzas\venv\Lib\site-packages\django\template\loader_tags.py", line 132, in get_parent
    return self.find_template(parent, context)
           ~~~~~~~~~~~~~~~~~~^^^^^^^^^^^^^^^^^
  File "C:\Users\celf_\Downloads\Desarrollo\GestorFinanzas\venv\Lib\site-packages\django\template\loader_tags.py", line 110, in find_template
    template, origin = context.template.engine.find_template(
                       ~~~~~~~~~~~~~~~~~~~~~~~~~~~~~~~~~~~~~^
        template_name,
        ^^^^^^^^^^^^^^
        skip=history,
        ^^^^^^^^^^^^^
    )
    ^
  File "C:\Users\celf_\Downloads\Desarrollo\GestorFinanzas\venv\Lib\site-packages\django\template\engine.py", line 159, in find_template
    template = loader.get_template(name, skip=skip)
  File "C:\Users\celf_\Downloads\Desarrollo\GestorFinanzas\venv\Lib\site-packages\django\template\loaders\cached.py", line 57, in get_template
    template = super().get_template(template_name, skip)
  File "C:\Users\celf_\Downloads\Desarrollo\GestorFinanzas\venv\Lib\site-packages\django\template\loaders\base.py", line 28, in get_template
    return Template(
        contents,
    ...<2 lines>...
        self.engine,
    )
  File "C:\Users\celf_\Downloads\Desarrollo\GestorFinanzas\venv\Lib\site-packages\django\template\base.py", line 157, in __init__
    self.nodelist = self.compile_nodelist()
                    ~~~~~~~~~~~~~~~~~~~~~^^
  File "C:\Users\celf_\Downloads\Desarrollo\GestorFinanzas\venv\Lib\site-packages\django\template\base.py", line 199, in compile_nodelist
    nodelist = parser.parse()
  File "C:\Users\celf_\Downloads\Desarrollo\GestorFinanzas\venv\Lib\site-packages\django\template\base.py", line 585, in parse
    raise self.error(token, e)
  File "C:\Users\celf_\Downloads\Desarrollo\GestorFinanzas\venv\Lib\site-packages\django\template\base.py", line 583, in parse
    compiled_result = compile_func(self, token)
  File "C:\Users\celf_\Downloads\Desarrollo\GestorFinanzas\venv\Lib\site-packages\django\template\defaulttags.py", line 1556, in url
    raise TemplateSyntaxError(
        "'%s' takes at least one argument, a URL pattern name." % bits[0]
    )
django.template.exceptions.TemplateSyntaxError: Template: C:\Users\celf_\Downloads\Desarrollo\GestorFinanzas\finanzas\templates\finanzas\base.html, 'url' takes at least one argument, a URL pattern name.
2026-09-14 18:51:53,786 ERROR django.request Internal Server Error: /perfil/
Traceback (most recent call last):
  File "C:\Users\celf_\Downloads\Desarrollo\GestorFinanzas\venv\Lib\site-packages\django\core\handlers\exception.py", line 55, in inner
    response = get_response(request)
  File "C:\Users\celf_\Downloads\Desarrollo\GestorFinanzas\venv\Lib\site-packages\django\core\handlers\base.py", line 198, in _get_response
    response = wrapped_callback(request, *callback_args, **callback_kwargs)
  File "C:\Users\celf_\Downloads\Desarrollo\GestorFinanzas\venv\Lib\site-packages\django\contrib\auth\decorators.py", line 59, in _view_wrapper
    return view_func(request, *args, **kwargs)
  File "C:\Users\celf_\Downloads\Desarrollo\GestorFinanzas\finanzas\views.py", line 2969, in perfil
    return render(request, 'finanzas/perfil.html', context)
  File "C:\Users\celf_\Downloads\Desarrollo\GestorFinanzas\venv\Lib\site-packages\django\shortcuts.py", line 25, in render
    content = loader.render_to_string(template_name, context, request, using=using)
  File "C:\Users\celf_\Downloads\Desarrollo\GestorFinanzas\venv\Lib\site-packages\django\template\loader.py", line 62, in render_to_string
    return template.render(context, request)
           ~~~~~~~~~~~~~~~^^^^^^^^^^^^^^^^^^
  File "C:\Users\celf_\Downloads\Desarrollo\GestorFinanzas\venv\Lib\site-packages\django\template\backends\django.py", line 107, in render
    return self.template.render(context)
           ~~~~~~~~~~~~~~~~~~~~^^^^^^^^^
  File "C:\Users\celf_\Downloads\Desarrollo\GestorFinanzas\venv\Lib\site-packages\django\template\base.py", line 174, in render
    return self._render(context)
           ~~~~~~~~~~~~^^^^^^^^^
  File "C:\Users\celf_\Downloads\Desarrollo\GestorFinanzas\venv\Lib\site-packages\django\template\base.py", line 166, in _render
    return self.nodelist.render(context)
           ~~~~~~~~~~~~~~~~~~~~^^^^^^^^^
  File "C:\Users\celf_\Downloads\Desarrollo\GestorFinanzas\venv\Lib\site-packages\django\template\base.py", line 1091, in render
    return SafeString("".join([node.render_annotated(context) for node in self]))
                               ~~~~~~~~~~~~~~~~~~~~~^^^^^^^^^
  File "C:\Users\celf_\Downloads\Desarrollo\GestorFinanzas\venv\Lib\site-packages\django\template\base.py", line 1052, in render_annotated
    return self.render(context)
           ~~~~~~~~~~~^^^^^^^^^
  File "C:\Users\celf_\Downloads\Desarrollo\GestorFinanzas\venv\Lib\site-packages\django\template\loader_tags.py", line 160, in render
    return compiled_parent._render(context)
           ~~~~~~~~~~~~~~~~~~~~~~~^^^^^^^^^
  File "C:\Users\celf_\Downloads\Desarrollo\GestorFinanzas\venv\Lib\site-packages\django\template\base.py", line 166, in _render
    return self.nodelist.render(context)
           ~~~~~~~~~~~~~~~~~~~~^^^^^^^^^
  File "C:\Users\celf_\Downloads\Desarrollo\GestorFinanzas\venv\Lib\site-packages\django\template\base.py", line 1091, in render
    return SafeString("".join([node.render_annotated(context) for node in self]))
                               ~~~~~~~~~~~~~~~~~~~~~^^^^^^^^^
  File "C:\Users\celf_\Downloads\Desarrollo\GestorFinanzas\venv\Lib\site-packages\django\template\base.py", line 1052, in render_annotated
    return self.render(context)
           ~~~~~~~~~~~^^^^^^^^^
  File "C:\Users\celf_\Downloads\Desarrollo\GestorFinanzas\venv\Lib\site-packages\django\template\defaulttags.py", line 511, in render
    url = reverse(view_name, args=args, kwargs=kwargs, current_app=current_app)
  File "C:\Users\celf_\Downloads\Desarrollo\GestorFinanzas\venv\Lib\site-packages\django\urls\base.py", line 98, in reverse
    resolved_url = resolver._reverse_with_prefix(view, prefix, *args, **kwargs)
  File "C:\Users\celf_\Downloads\Desarrollo\GestorFinanzas\venv\Lib\site-packages\django\urls\resolvers.py", line 842, in _reverse_with_prefix
    raise NoReverseMatch(msg)
django.urls.exceptions.NoReverseMatch: Reverse for 'importar_cartola' not found. 'importar_cartola' is not a valid view function or pattern name.
2026-09-14 18:52:31,832 ERROR django.request Internal Server Error: /
Traceback (most recent call last):
  File "C:\Users\celf_\Downloads\Desarrollo\GestorFinanzas\venv\Lib\site-packages\django\core\handlers\exception.py", line 55, in inner
    response = get_response(request)
  File "C:\Users\celf_\Downloads\Desarrollo\GestorFinanzas\venv\Lib\site-packages\django\core\handlers\base.py", line 198, in _get_response
    response = wrapped_callback(request, *callback_args, **callback_kwargs)
  File "C:\Users\celf_\Downloads\Desarrollo\GestorFinanzas\venv\Lib\site-packages\django\contrib\auth\decorators.py", line 59, in _view_wrapper
    return view_func(request, *args, **kwargs)
  File "C:\Users\celf_\Downloads\Desarrollo\GestorFinanzas\finanzas\views.py", line 1053, in dashboard
    return render(request, 'finanzas/dashboard.html', context)
  File "C:\Users\celf_\Downloads\Desarrollo\GestorFinanzas\venv\Lib\site-packages\django\shortcuts.py", line 25, in render
    content = loader.render_to_string(template_name, context, request, using=using)
  File "C:\Users\celf_\Downloads\Desarrollo\GestorFinanzas\venv\Lib\site-packages\django\template\loader.py", line 62, in render_to_string
    return template.render(context, request)
           ~~~~~~~~~~~~~~~^^^^^^^^^^^^^^^^^^
  File "C:\Users\celf_\Downloads\Desarrollo\GestorFinanzas\venv\Lib\site-packages\django\template\backends\django.py", line 107, in render
    return self.template.render(context)
           ~~~~~~~~~~~~~~~~~~~~^^^^^^^^^
  File "C:\Users\celf_\Downloads\Desarrollo\GestorFinanzas\venv\Lib\site-packages\django\template\base.py", line 174, in render
    return self._render(context)
           ~~~~~~~~~~~~^^^^^^^^^
  File "C:\Users\celf_\Downloads\Desarrollo\GestorFinanzas\venv\Lib\site-packages\django\template\base.py", line 166, in _render
    return self.nodelist.render(context)
           ~~~~~~~~~~~~~~~~~~~~^^^^^^^^^
  File "C:\Users\celf_\Downloads\Desarrollo\GestorFinanzas\venv\Lib\site-packages\django\template\base.py", line 1091, in render
    return SafeString("".join([node.render_annotated(context) for node in self]))
                               ~~~~~~~~~~~~~~~~~~~~~^^^^^^^^^
  File "C:\Users\celf_\Downloads\Desarrollo\GestorFinanzas\venv\Lib\site-packages\django\template\base.py", line 1052, in render_annotated
    return self.render(context)
           ~~~~~~~~~~~^^^^^^^^^
  File "C:\Users\celf_\Downloads\Desarrollo\GestorFinanzas\venv\Lib\site-packages\django\template\loader_tags.py", line 160, in render
    return compiled_parent._render(context)
           ~~~~~~~~~~~~~~~~~~~~~~~^^^^^^^^^
  File "C:\Users\celf_\Downloads\Desarrollo\GestorFinanzas\venv\Lib\site-packages\django\template\base.py", line 166, in _render
    return self.nodelist.render(context)
           ~~~~~~~~~~~~~~~~~~~~^^^^^^^^^
  File "C:\Users\celf_\Downloads\Desarrollo\GestorFinanzas\venv\Lib\site-packages\django\template\base.py", line 1091, in render
    return SafeString("".join([node.render_annotated(context) for node in self]))
                               ~~~~~~~~~~~~~~~~~~~~~^^^^^^^^^
  File "C:\Users\celf_\Downloads\Desarrollo\GestorFinanzas\venv\Lib\site-packages\django\template\base.py", line 1052, in render_annotated
    return self.render(context)
           ~~~~~~~~~~~^^^^^^^^^
  File "C:\Users\celf_\Downloads\Desarrollo\GestorFinanzas\venv\Lib\site-packages\django\template\defaulttags.py", line 511, in render
    url = reverse(view_name, args=args, kwargs=kwargs, current_app=current_app)
  File "C:\Users\celf_\Downloads\Desarrollo\GestorFinanzas\venv\Lib\site-packages\django\urls\base.py", line 98, in reverse
    resolved_url = resolver._reverse_with_prefix(view, prefix, *args, **kwargs)
  File "C:\Users\celf_\Downloads\Desarrollo\GestorFinanzas\venv\Lib\site-packages\django\urls\resolvers.py", line 842, in _reverse_with_prefix
    raise NoReverseMatch(msg)
django.urls.exceptions.NoReverseMatch: Reverse for 'importar_cartola' not found. 'importar_cartola' is not a valid view function or pattern name.
2026-09-16 11:11:06,484 ERROR django.request Internal Server Error: /
Traceback (most recent call last):
  File "C:\Users\celf_\Downloads\Desarrollo\GestorFinanzas\venv\Lib\site-packages\django\core\handlers\exception.py", line 55, in inner
    response = get_response(request)
  File "C:\Users\celf_\Downloads\Desarrollo\GestorFinanzas\venv\Lib\site-packages\django\core\handlers\base.py", line 198, in _get_response
    response = wrapped_callback(request, *callback_args, **callback_kwargs)
  File "C:\Users\celf_\Downloads\Desarrollo\GestorFinanzas\venv\Lib\site-packages\django\contrib\auth\decorators.py", line 59, in _view_wrapper
    return view_func(request, *args, **kwargs)
  File "C:\Users\celf_\Downloads\Desarrollo\GestorFinanzas\finanzas\views.py", line 1053, in dashboard
    return render(request, 'finanzas/dashboard.html', context)
  File "C:\Users\celf_\Downloads\Desarrollo\GestorFinanzas\venv\Lib\site-packages\django\shortcuts.py", line 25, in render
    content = loader.render_to_string(template_name, context, request, using=using)
  File "C:\Users\celf_\Downloads\Desarrollo\GestorFinanzas\venv\Lib\site-packages\django\template\loader.py", line 62, in render_to_string
    return template.render(context, request)
           ~~~~~~~~~~~~~~~^^^^^^^^^^^^^^^^^^
  File "C:\Users\celf_\Downloads\Desarrollo\GestorFinanzas\venv\Lib\site-packages\django\template\backends\django.py", line 107, in render
    return self.template.render(context)
           ~~~~~~~~~~~~~~~~~~~~^^^^^^^^^
  File "C:\Users\celf_\Downloads\Desarrollo\GestorFinanzas\venv\Lib\site-packages\django\template\base.py", line 174, in render
    return self._render(context)
           ~~~~~~~~~~~~^^^^^^^^^
  File "C:\Users\celf_\Downloads\Desarrollo\GestorFinanzas\venv\Lib\site-packages\django\template\base.py", line 166, in _render
    return self.nodelist.render(context)
           ~~~~~~~~~~~~~~~~~~~~^^^^^^^^^
  File "C:\Users\celf_\Downloads\Desarrollo\GestorFinanzas\venv\Lib\site-packages\django\template\base.py", line 1091, in render
    return SafeString("".join([node.render_annotated(context) for node in self]))
                               ~~~~~~~~~~~~~~~~~~~~~^^^^^^^^^
  File "C:\Users\celf_\Downloads\Desarrollo\GestorFinanzas\venv\Lib\site-packages\django\template\base.py", line 1052, in render_annotated
    return self.render(context)
           ~~~~~~~~~~~^^^^^^^^^
  File "C:\Users\celf_\Downloads\Desarrollo\GestorFinanzas\venv\Lib\site-packages\django\template\loader_tags.py", line 135, in render
    compiled_parent = self.get_parent(context)
  File "C:\Users\celf_\Downloads\Desarrollo\GestorFinanzas\venv\Lib\site-packages\django\template\loader_tags.py", line 132, in get_parent
    return self.find_template(parent, context)
           ~~~~~~~~~~~~~~~~~~^^^^^^^^^^^^^^^^^
  File "C:\Users\celf_\Downloads\Desarrollo\GestorFinanzas\venv\Lib\site-packages\django\template\loader_tags.py", line 110, in find_template
    template, origin = context.template.engine.find_template(
                       ~~~~~~~~~~~~~~~~~~~~~~~~~~~~~~~~~~~~~^
        template_name,
        ^^^^^^^^^^^^^^
        skip=history,
        ^^^^^^^^^^^^^
    )
    ^
  File "C:\Users\celf_\Downloads\Desarrollo\GestorFinanzas\venv\Lib\site-packages\django\template\engine.py", line 159, in find_template
    template = loader.get_template(name, skip=skip)
  File "C:\Users\celf_\Downloads\Desarrollo\GestorFinanzas\venv\Lib\site-packages\django\template\loaders\cached.py", line 57, in get_template
    template = super().get_template(template_name, skip)
  File "C:\Users\celf_\Downloads\Desarrollo\GestorFinanzas\venv\Lib\site-packages\django\template\loaders\base.py", line 28, in get_template
    return Template(
        contents,
    ...<2 lines>...
        self.engine,
    )
  File "C:\Users\celf_\Downloads\Desarrollo\GestorFinanzas\venv\Lib\site-packages\django\template\base.py", line 157, in __init__
    self.nodelist = self.compile_nodelist()
                    ~~~~~~~~~~~~~~~~~~~~~^^
  File "C:\Users\celf_\Downloads\Desarrollo\GestorFinanzas\venv\Lib\site-packages\django\template\base.py", line 199, in compile_nodelist
    nodelist = parser.parse()
  File "C:\Users\celf_\Downloads\Desarrollo\GestorFinanzas\venv\Lib\site-packages\django\template\base.py", line 585, in parse
    raise self.error(token, e)
  File "C:\Users\celf_\Downloads\Desarrollo\GestorFinanzas\venv\Lib\site-packages\django\template\base.py", line 583, in parse
    compiled_result = compile_func(self, token)
  File "C:\Users\celf_\Downloads\Desarrollo\GestorFinanzas\venv\Lib\site-packages\django\template\defaulttags.py", line 1556, in url
    raise TemplateSyntaxError(
        "'%s' takes at least one argument, a URL pattern name." % bits[0]
    )
django.template.exceptions.TemplateSyntaxError: Template: C:\Users\celf_\Downloads\Desarrollo\GestorFinanzas\finanzas\templates\finanzas\base.html, 'url' takes at least one argument, a URL pattern name.
2026-09-16 11:15:24,312 ERROR django.request Internal Server Error: /
Traceback (most recent call last):
  File "C:\Users\celf_\Downloads\Desarrollo\GestorFinanzas\venv\Lib\site-packages\django\core\handlers\exception.py", line 55, in inner
    response = get_response(request)
  File "C:\Users\celf_\Downloads\Desarrollo\GestorFinanzas\venv\Lib\site-packages\django\core\handlers\base.py", line 198, in _get_response
    response = wrapped_callback(request, *callback_args, **callback_kwargs)
  File "C:\Users\celf_\Downloads\Desarrollo\GestorFinanzas\venv\Lib\site-packages\django\contrib\auth\decorators.py", line 59, in _view_wrapper
    return view_func(request, *args, **kwargs)
  File "C:\Users\celf_\Downloads\Desarrollo\GestorFinanzas\finanzas\views.py", line 1053, in dashboard
    return render(request, 'finanzas/dashboard.html', context)
  File "C:\Users\celf_\Downloads\Desarrollo\GestorFinanzas\venv\Lib\site-packages\django\shortcuts.py", line 25, in render
    content = loader.render_to_string(template_name, context, request, using=using)
  File "C:\Users\celf_\Downloads\Desarrollo\GestorFinanzas\venv\Lib\site-packages\django\template\loader.py", line 62, in render_to_string
    return template.render(context, request)
           ~~~~~~~~~~~~~~~^^^^^^^^^^^^^^^^^^
  File "C:\Users\celf_\Downloads\Desarrollo\GestorFinanzas\venv\Lib\site-packages\django\template\backends\django.py", line 107, in render
    return self.template.render(context)
           ~~~~~~~~~~~~~~~~~~~~^^^^^^^^^
  File "C:\Users\celf_\Downloads\Desarrollo\GestorFinanzas\venv\Lib\site-packages\django\template\base.py", line 174, in render
    return self._render(context)
           ~~~~~~~~~~~~^^^^^^^^^
  File "C:\Users\celf_\Downloads\Desarrollo\GestorFinanzas\venv\Lib\site-packages\django\template\base.py", line 166, in _render
    return self.nodelist.render(context)
           ~~~~~~~~~~~~~~~~~~~~^^^^^^^^^
  File "C:\Users\celf_\Downloads\Desarrollo\GestorFinanzas\venv\Lib\site-packages\django\template\base.py", line 1091, in render
    return SafeString("".join([node.render_annotated(context) for node in self]))
                               ~~~~~~~~~~~~~~~~~~~~~^^^^^^^^^
  File "C:\Users\celf_\Downloads\Desarrollo\GestorFinanzas\venv\Lib\site-packages\django\template\base.py", line 1052, in render_annotated
    return self.render(context)
           ~~~~~~~~~~~^^^^^^^^^
  File "C:\Users\celf_\Downloads\Desarrollo\GestorFinanzas\venv\Lib\site-packages\django\template\loader_tags.py", line 135, in render
    compiled_parent = self.get_parent(context)
  File "C:\Users\celf_\Downloads\Desarrollo\GestorFinanzas\venv\Lib\site-packages\django\template\loader_tags.py", line 132, in get_parent
    return self.find_template(parent, context)
           ~~~~~~~~~~~~~~~~~~^^^^^^^^^^^^^^^^^
  File "C:\Users\celf_\Downloads\Desarrollo\GestorFinanzas\venv\Lib\site-packages\django\template\loader_tags.py", line 110, in find_template
    template, origin = context.template.engine.find_template(
                       ~~~~~~~~~~~~~~~~~~~~~~~~~~~~~~~~~~~~~^
        template_name,
        ^^^^^^^^^^^^^^
        skip=history,
        ^^^^^^^^^^^^^
    )
    ^
  File "C:\Users\celf_\Downloads\Desarrollo\GestorFinanzas\venv\Lib\site-packages\django\template\engine.py", line 159, in find_template
    template = loader.get_template(name, skip=skip)
  File "C:\Users\celf_\Downloads\Desarrollo\GestorFinanzas\venv\Lib\site-packages\django\template\loaders\cached.py", line 57, in get_template
    template = super().get_template(template_name, skip)
  File "C:\Users\celf_\Downloads\Desarrollo\GestorFinanzas\venv\Lib\site-packages\django\template\loaders\base.py", line 28, in get_template
    return Template(
        contents,
    ...<2 lines>...
        self.engine,
    )
  File "C:\Users\celf_\Downloads\Desarrollo\GestorFinanzas\venv\Lib\site-packages\django\template\base.py", line 157, in __init__
    self.nodelist = self.compile_nodelist()
                    ~~~~~~~~~~~~~~~~~~~~~^^
  File "C:\Users\celf_\Downloads\Desarrollo\GestorFinanzas\venv\Lib\site-packages\django\template\base.py", line 199, in compile_nodelist
    nodelist = parser.parse()
  File "C:\Users\celf_\Downloads\Desarrollo\GestorFinanzas\venv\Lib\site-packages\django\template\base.py", line 585, in parse
    raise self.error(token, e)
  File "C:\Users\celf_\Downloads\Desarrollo\GestorFinanzas\venv\Lib\site-packages\django\template\base.py", line 583, in parse
    compiled_result = compile_func(self, token)
  File "C:\Users\celf_\Downloads\Desarrollo\GestorFinanzas\venv\Lib\site-packages\django\template\defaulttags.py", line 1556, in url
    raise TemplateSyntaxError(
        "'%s' takes at least one argument, a URL pattern name." % bits[0]
    )
django.template.exceptions.TemplateSyntaxError: Template: C:\Users\celf_\Downloads\Desarrollo\GestorFinanzas\finanzas\templates\finanzas\base.html, 'url' takes at least one argument, a URL pattern name.
2026-09-16 11:52:11,078 ERROR django.request Internal Server Error: /prestamos/persona/1/
Traceback (most recent call last):
  File "C:\Users\celf_\Downloads\Desarrollo\GestorFinanzas\venv\Lib\site-packages\django\db\backends\utils.py", line 105, in _execute
    return self.cursor.execute(sql, params)
           ~~~~~~~~~~~~~~~~~~~^^^^^^^^^^^^^
  File "C:\Users\celf_\Downloads\Desarrollo\GestorFinanzas\venv\Lib\site-packages\django\db\backends\sqlite3\base.py", line 359, in execute
    return super().execute(query, params)
           ~~~~~~~~~~~~~~~^^^^^^^^^^^^^^^
sqlite3.OperationalError: no such column: finanzas_userprofile.analisis_ia

The above exception was the direct cause of the following exception:

Traceback (most recent call last):
  File "C:\Users\celf_\Downloads\Desarrollo\GestorFinanzas\venv\Lib\site-packages\django\core\handlers\exception.py", line 55, in inner
    response = get_response(request)
  File "C:\Users\celf_\Downloads\Desarrollo\GestorFinanzas\venv\Lib\site-packages\django\core\handlers\base.py", line 198, in _get_response
    response = wrapped_callback(request, *callback_args, **callback_kwargs)
  File "C:\Users\celf_\Downloads\Desarrollo\GestorFinanzas\venv\Lib\site-packages\django\contrib\auth\decorators.py", line 59, in _view_wrapper
    return view_func(request, *args, **kwargs)
  File "C:\Users\celf_\Downloads\Desarrollo\GestorFinanzas\finanzas\views.py", line 1401, in detalle_persona
    context.update(contadores(request.user))
                   ~~~~~~~~~~^^^^^^^^^^^^^^
  File "C:\Users\celf_\Downloads\Desarrollo\GestorFinanzas\finanzas\views.py", line 451, in contadores
    'profile': get_or_create_profile(usuario),
               ~~~~~~~~~~~~~~~~~~~~~^^^^^^^^^
  File "C:\Users\celf_\Downloads\Desarrollo\GestorFinanzas\finanzas\views.py", line 50, in get_or_create_profile
    profile, _ = UserProfile.objects.get_or_create(usuario=user)
                 ~~~~~~~~~~~~~~~~~~~~~~~~~~~~~~~~~^^^^^^^^^^^^^^
  File "C:\Users\celf_\Downloads\Desarrollo\GestorFinanzas\venv\Lib\site-packages\django\db\models\manager.py", line 87, in manager_method
    return getattr(self.get_queryset(), name)(*args, **kwargs)
           ~~~~~~~~~~~~~~~~~~~~~~~~~~~~~~~~~~^^^^^^^^^^^^^^^^^
  File "C:\Users\celf_\Downloads\Desarrollo\GestorFinanzas\venv\Lib\site-packages\django\db\models\query.py", line 987, in get_or_create
    return self.get(**kwargs), False
           ~~~~~~~~^^^^^^^^^^
  File "C:\Users\celf_\Downloads\Desarrollo\GestorFinanzas\venv\Lib\site-packages\django\db\models\query.py", line 635, in get
    num = len(clone)
  File "C:\Users\celf_\Downloads\Desarrollo\GestorFinanzas\venv\Lib\site-packages\django\db\models\query.py", line 372, in __len__
    self._fetch_all()
    ~~~~~~~~~~~~~~~^^
  File "C:\Users\celf_\Downloads\Desarrollo\GestorFinanzas\venv\Lib\site-packages\django\db\models\query.py", line 2000, in _fetch_all
    self._result_cache = list(self._iterable_class(self))
                         ~~~~^^^^^^^^^^^^^^^^^^^^^^^^^^^^
  File "C:\Users\celf_\Downloads\Desarrollo\GestorFinanzas\venv\Lib\site-packages\django\db\models\query.py", line 95, in __iter__
    results = compiler.execute_sql(
        chunked_fetch=self.chunked_fetch, chunk_size=self.chunk_size
    )
  File "C:\Users\celf_\Downloads\Desarrollo\GestorFinanzas\venv\Lib\site-packages\django\db\models\sql\compiler.py", line 1624, in execute_sql
    cursor.execute(sql, params)
    ~~~~~~~~~~~~~~^^^^^^^^^^^^^
  File "C:\Users\celf_\Downloads\Desarrollo\GestorFinanzas\venv\Lib\site-packages\django\db\backends\utils.py", line 122, in execute
    return super().execute(sql, params)
           ~~~~~~~~~~~~~~~^^^^^^^^^^^^^
  File "C:\Users\celf_\Downloads\Desarrollo\GestorFinanzas\venv\Lib\site-packages\django\db\backends\utils.py", line 79, in execute
    return self._execute_with_wrappers(
           ~~~~~~~~~~~~~~~~~~~~~~~~~~~^
        sql, params, many=False, executor=self._execute
        ^^^^^^^^^^^^^^^^^^^^^^^^^^^^^^^^^^^^^^^^^^^^^^^
    )
    ^
  File "C:\Users\celf_\Downloads\Desarrollo\GestorFinanzas\venv\Lib\site-packages\django\db\backends\utils.py", line 92, in _execute_with_wrappers
    return executor(sql, params, many, context)
  File "C:\Users\celf_\Downloads\Desarrollo\GestorFinanzas\venv\Lib\site-packages\django\db\backends\utils.py", line 100, in _execute
    with self.db.wrap_database_errors:
         ^^^^^^^^^^^^^^^^^^^^^^^^^^^^
  File "C:\Users\celf_\Downloads\Desarrollo\GestorFinanzas\venv\Lib\site-packages\django\db\utils.py", line 94, in __exit__
    raise dj_exc_value.with_traceback(traceback) from exc_value
  File "C:\Users\celf_\Downloads\Desarrollo\GestorFinanzas\venv\Lib\site-packages\django\db\backends\utils.py", line 105, in _execute
    return self.cursor.execute(sql, params)
           ~~~~~~~~~~~~~~~~~~~^^^^^^^^^^^^^
  File "C:\Users\celf_\Downloads\Desarrollo\GestorFinanzas\venv\Lib\site-packages\django\db\backends\sqlite3\base.py", line 359, in execute
    return super().execute(query, params)
           ~~~~~~~~~~~~~~~^^^^^^^^^^^^^^^
django.db.utils.OperationalError: no such column: finanzas_userprofile.analisis_ia
2026-09-19 13:38:33,017 INFO finanzas Aviso de inactividad enviado al usuario 1
2026-09-19 13:38:33,121 WARNING finanzas Cuenta inactiva 1 sin correo: no se puede avisar
2026-09-19 13:38:33,236 WARNING finanzas Cuenta borrada por inactividad: id=1 usuario=vieja dias=400
2026-09-19 13:38:33,888 INFO finanzas Aviso de inactividad enviado al usuario 1
2026-09-19 13:38:35,267 INFO finanzas Alta de cuenta 1 con politica version 1.1
2026-09-19 13:38:35,442 INFO finanzas Alta de cuenta 1 con politica version 1.1
2026-09-19 13:38:35,756 INFO finanzas Correo confirmado por el usuario 1
2026-09-19 13:38:36,206 INFO finanzas Correo confirmado por el usuario 1
2026-09-19 13:38:36,905 WARNING finanzas Cerradas 1 sesiones a distancia: usuario=1
2026-09-19 13:38:39,128 WARNING finanzas Cuenta eliminada a pedido del titular: id=1 usuario=ana
2026-09-19 13:38:39,523 WARNING finanzas Cuenta eliminada a pedido del titular: id=1 usuario=ana
2026-09-19 13:38:40,693 INFO finanzas Descarga de datos personales solicitada por el usuario 1
2026-09-19 13:38:40,996 INFO finanzas Descarga de datos personales solicitada por el usuario 1
2026-09-19 13:38:41,471 INFO finanzas Descarga de datos personales solicitada por el usuario 1
2026-09-19 13:38:42,194 INFO finanzas Alta de cuenta 1 con politica version 1.1
2026-09-19 13:38:43,047 INFO finanzas Correo aceptado: 01a0ba88-ce44-73dc-b3d2-f2a434b5513c
2026-09-19 13:41:55,456 INFO finanzas Aviso de inactividad enviado al usuario 1
2026-09-19 13:41:55,581 WARNING finanzas Cuenta inactiva 1 sin correo: no se puede avisar
2026-09-19 13:41:55,725 WARNING finanzas Cuenta borrada por inactividad: id=1 usuario=vieja dias=400
2026-09-19 13:41:56,382 INFO finanzas Aviso de inactividad enviado al usuario 1
2026-09-19 13:41:57,772 INFO finanzas Alta de cuenta 1 con politica version 1.1
2026-09-19 13:41:57,998 INFO finanzas Alta de cuenta 1 con politica version 1.1
2026-09-19 13:41:58,372 INFO finanzas Correo confirmado por el usuario 1
2026-09-19 13:41:58,838 INFO finanzas Correo confirmado por el usuario 1
2026-09-19 13:41:59,653 WARNING finanzas Cerradas 1 sesiones a distancia: usuario=1
2026-09-19 13:42:02,024 WARNING finanzas Cuenta eliminada a pedido del titular: id=1 usuario=ana
2026-09-19 13:42:02,420 WARNING finanzas Cuenta eliminada a pedido del titular: id=1 usuario=ana
2026-09-19 13:42:03,598 INFO finanzas Descarga de datos personales solicitada por el usuario 1
2026-09-19 13:42:03,878 INFO finanzas Descarga de datos personales solicitada por el usuario 1
2026-09-19 13:42:04,345 INFO finanzas Descarga de datos personales solicitada por el usuario 1
2026-09-19 13:42:05,140 INFO finanzas Alta de cuenta 1 con politica version 1.1
2026-09-19 13:42:05,772 INFO finanzas Correo aceptado: 01a0ba8b-e5f4-76ca-a6f3-c06fbe657221
